namespace GraphQL.Server
{
    public static class GraphQLBuilderWebSocketsExtensions
    {
        public static GraphQL.DI.IGraphQLBuilder AddWebSockets(this GraphQL.DI.IGraphQLBuilder builder) { }
    }
}
namespace GraphQL.Server.Transports.Subscriptions.WebSockets.Shane
{
    public interface IOperationMessageReceiveStream : System.IDisposable
    {
        System.Threading.Tasks.Task OnMessageReceivedAsync(GraphQL.Transport.OperationMessage message);
        void StartConnectionInitTimer();
    }
    public interface IOperationMessageSendStream
    {
        System.Threading.Tasks.Task CloseConnectionAsync();
        System.Threading.Tasks.Task CloseConnectionAsync(int eventId, string? description);
        System.Threading.Tasks.Task SendMessageAsync(GraphQL.Transport.OperationMessage message);
    }
    public class NewSubscriptionServer : GraphQL.Server.Transports.Subscriptions.WebSockets.Shane.OperationMessageServer
    {
        public NewSubscriptionServer(GraphQL.Server.Transports.Subscriptions.WebSockets.Shane.IOperationMessageSendStream sendStream, System.TimeSpan connectionInitWaitTimeout, System.TimeSpan keepAliveTimeout, GraphQL.Server.IGraphQLExecuter executer, GraphQL.IGraphQLSerializer serializer, Microsoft.Extensions.DependencyInjection.IServiceScopeFactory serviceScopeFactory, System.Collections.Generic.IDictionary<string, object?> userContext) { }
        protected GraphQL.Server.IGraphQLExecuter GraphQLExecuter { get; }
        protected GraphQL.IGraphQLSerializer Serializer { get; }
        protected Microsoft.Extensions.DependencyInjection.IServiceScopeFactory ServiceScopeFactory { get; }
        protected System.Collections.Generic.IDictionary<string, object?> UserContext { get; }
        protected override System.Threading.Tasks.Task<GraphQL.ExecutionResult> ExecuteRequest(GraphQL.Transport.OperationMessage message) { }
        protected virtual System.Threading.Tasks.Task OnComplete(GraphQL.Transport.OperationMessage message) { }
        protected override System.Threading.Tasks.Task OnConnectionAcknowledge(GraphQL.Transport.OperationMessage message) { }
        public override System.Threading.Tasks.Task OnMessageReceivedAsync(GraphQL.Transport.OperationMessage message) { }
        protected virtual System.Threading.Tasks.Task OnPing(GraphQL.Transport.OperationMessage message) { }
        protected override System.Threading.Tasks.Task OnSendKeepAlive() { }
        protected virtual System.Threading.Tasks.Task OnSubscribe(GraphQL.Transport.OperationMessage message) { }
        protected override System.Threading.Tasks.Task SendCompleted(string id) { }
        protected override System.Threading.Tasks.Task SendData(string id, GraphQL.ExecutionResult result) { }
        protected override System.Threading.Tasks.Task SendErrorResult(string id, GraphQL.ExecutionResult result) { }
    }
    public class OldSubscriptionServer : GraphQL.Server.Transports.Subscriptions.WebSockets.Shane.OperationMessageServer
    {
        public OldSubscriptionServer(GraphQL.Server.Transports.Subscriptions.WebSockets.Shane.IOperationMessageSendStream sendStream, System.TimeSpan connectionInitWaitTimeout, System.TimeSpan keepAliveTimeout, GraphQL.Server.IGraphQLExecuter executer, GraphQL.IGraphQLSerializer serializer, Microsoft.Extensions.DependencyInjection.IServiceScopeFactory serviceScopeFactory, System.Collections.Generic.IDictionary<string, object?> userContext) { }
        protected GraphQL.Server.IGraphQLExecuter GraphQLExecuter { get; }
        protected GraphQL.IGraphQLSerializer Serializer { get; }
        protected Microsoft.Extensions.DependencyInjection.IServiceScopeFactory ServiceScopeFactory { get; }
        protected System.Collections.Generic.IDictionary<string, object?> UserContext { get; }
        protected override System.Threading.Tasks.Task<GraphQL.ExecutionResult> ExecuteRequest(GraphQL.Transport.OperationMessage message) { }
        protected override System.Threading.Tasks.Task OnConnectionAcknowledge(GraphQL.Transport.OperationMessage message) { }
        public override System.Threading.Tasks.Task OnMessageReceivedAsync(GraphQL.Transport.OperationMessage message) { }
        protected override System.Threading.Tasks.Task OnSendKeepAlive() { }
        protected virtual System.Threading.Tasks.Task OnStart(GraphQL.Transport.OperationMessage message) { }
        protected virtual System.Threading.Tasks.Task OnStop(GraphQL.Transport.OperationMessage message) { }
        protected override System.Threading.Tasks.Task SendCompleted(string id) { }
        protected override System.Threading.Tasks.Task SendData(string id, GraphQL.ExecutionResult result) { }
        protected override System.Threading.Tasks.Task SendErrorResult(string id, GraphQL.ExecutionResult result) { }
    }
    public abstract class OperationMessageServer : GraphQL.Server.Transports.Subscriptions.WebSockets.Shane.IOperationMessageReceiveStream, System.IDisposable
    {
        public OperationMessageServer(GraphQL.Server.Transports.Subscriptions.WebSockets.Shane.IOperationMessageSendStream sendStream, System.TimeSpan connectionInitWaitTimeout, System.TimeSpan keepAliveTimeout) { }
        protected System.Threading.CancellationToken CancellationToken { get; }
        protected GraphQL.Server.Transports.Subscriptions.WebSockets.Shane.IOperationMessageSendStream Client { get; }
        protected bool Initialized { get; }
        protected GraphQL.Server.Transports.Subscriptions.WebSockets.Shane.SubscriptionList Subscriptions { get; }
        public virtual void Dispose() { }
        protected virtual System.Threading.Tasks.Task ErrorConnectionInitializationTimeout() { }
        protected virtual System.Threading.Tasks.Task ErrorIdAlreadyExists(string id) { }
        protected virtual System.Threading.Tasks.Task ErrorIdCannotBeBlank() { }
        protected virtual System.Threading.Tasks.Task ErrorNotInitialized() { }
        protected virtual System.Threading.Tasks.Task ErrorTooManyInitializationRequests() { }
        protected virtual System.Threading.Tasks.Task ErrorUnrecognizedMessage() { }
        protected abstract System.Threading.Tasks.Task<GraphQL.ExecutionResult> ExecuteRequest(GraphQL.Transport.OperationMessage message);
        protected virtual System.Threading.Tasks.Task<GraphQL.ExecutionError> HandleError(System.Exception ex) { }
        protected virtual System.Threading.Tasks.Task OnCloseConnection() { }
        protected abstract System.Threading.Tasks.Task OnConnectionAcknowledge(GraphQL.Transport.OperationMessage message);
        protected virtual System.Threading.Tasks.Task OnConnectionInit(GraphQL.Transport.OperationMessage message) { }
        protected virtual System.Threading.Tasks.Task OnConnectionInitWaitTimeout() { }
        public abstract System.Threading.Tasks.Task OnMessageReceivedAsync(GraphQL.Transport.OperationMessage message);
        protected abstract System.Threading.Tasks.Task OnSendKeepAlive();
        protected abstract System.Threading.Tasks.Task SendCompleted(string id);
        protected abstract System.Threading.Tasks.Task SendData(string id, GraphQL.ExecutionResult result);
        protected virtual System.Threading.Tasks.Task SendErrorResult(string id, GraphQL.ExecutionError error) { }
        protected abstract System.Threading.Tasks.Task SendErrorResult(string id, GraphQL.ExecutionResult result);
        protected virtual System.Threading.Tasks.Task SendSingleResult(string id, GraphQL.ExecutionResult result) { }
        public void StartConnectionInitTimer() { }
        protected virtual System.Threading.Tasks.Task Subscribe(GraphQL.Transport.OperationMessage message, bool overwrite) { }
        protected bool TryInitialize() { }
        protected virtual System.Threading.Tasks.Task Unsubscribe(string id) { }
    }
    public sealed class SubscriptionList : System.IDisposable
    {
        public SubscriptionList(System.Threading.CancellationToken cancellationToken) { }
        public System.IDisposable this[string id] { set; }
        public bool CompareExchange(string id, System.IDisposable oldSubscription, System.IDisposable newSubscription) { }
        public bool Contains(string id) { }
        public bool Contains(string id, System.IDisposable subscription) { }
        public void Dispose() { }
        public bool TryAdd(string id, System.IDisposable subscription) { }
        public bool TryRemove(string id) { }
        public bool TryRemove(string id, System.IDisposable oldSubscription) { }
    }
    public class WebSocketConnection : GraphQL.Server.Transports.Subscriptions.WebSockets.Shane.IOperationMessageSendStream
    {
        public WebSocketConnection(System.Net.WebSockets.WebSocket webSocket, GraphQL.IGraphQLSerializer serializer, System.Threading.CancellationToken cancellationToken) { }
        public System.Threading.Tasks.Task CloseConnectionAsync() { }
        public System.Threading.Tasks.Task CloseConnectionAsync(int closeStatusId, string? closeDescription) { }
        public virtual System.Threading.Tasks.Task ExecuteAsync(GraphQL.Server.Transports.Subscriptions.WebSockets.Shane.IOperationMessageReceiveStream operationMessageReceiveStream) { }
        public System.Threading.Tasks.Task SendMessageAsync(GraphQL.Transport.OperationMessage message) { }
    }
    public class WebSocketHandler : GraphQL.Server.Transports.AspNetCore.IWebSocketHandler
    {
        public WebSocketHandler(GraphQL.IGraphQLSerializer serializer, GraphQL.Server.IGraphQLExecuter executer, Microsoft.Extensions.DependencyInjection.IServiceScopeFactory serviceScopeFactory, GraphQL.Server.Transports.Subscriptions.WebSockets.Shane.WebSocketHandlerOptions webSocketHandlerOptions) { }
        public System.Collections.Generic.IEnumerable<string> SupportedSubProtocols { get; }
        public System.Threading.Tasks.Task ExecuteAsync(Microsoft.AspNetCore.Http.HttpContext httpContext, System.Net.WebSockets.WebSocket webSocket, string subProtocol, System.Collections.Generic.IDictionary<string, object?> userContext, System.Threading.CancellationToken cancellationToken) { }
    }
    public class WebSocketHandlerOptions
    {
        public WebSocketHandlerOptions() { }
        public System.TimeSpan ConnectionInitWaitTimeout { get; set; }
        public System.TimeSpan KeepAliveTimeout { get; set; }
    }
    public class WebSocketHandler<TSchema> : GraphQL.Server.Transports.Subscriptions.WebSockets.Shane.WebSocketHandler, GraphQL.Server.Transports.AspNetCore.IWebSocketHandler, GraphQL.Server.Transports.AspNetCore.IWebSocketHandler<TSchema>
        where TSchema : GraphQL.Types.ISchema
    {
        public WebSocketHandler(GraphQL.IGraphQLSerializer serializer, GraphQL.Server.IGraphQLExecuter<TSchema> executer, Microsoft.Extensions.DependencyInjection.IServiceScopeFactory serviceScopeFactory, GraphQL.Server.Transports.Subscriptions.WebSockets.Shane.WebSocketHandlerOptions options) { }
    }
}
namespace GraphQL.Server.Transports.WebSockets
{
    public class WebsocketWriterStream : System.IO.Stream
    {
        public WebsocketWriterStream(System.Net.WebSockets.WebSocket webSocket) { }
        public override bool CanRead { get; }
        public override bool CanSeek { get; }
        public override bool CanWrite { get; }
        public override long Length { get; }
        public override long Position { get; set; }
        public override void Flush() { }
        public override System.Threading.Tasks.Task FlushAsync(System.Threading.CancellationToken cancellationToken) { }
        public override int Read(byte[] buffer, int offset, int count) { }
        public override long Seek(long offset, System.IO.SeekOrigin origin) { }
        public override void SetLength(long value) { }
        public override void Write(byte[] buffer, int offset, int count) { }
        public override System.Threading.Tasks.ValueTask WriteAsync(System.ReadOnlyMemory<byte> buffer, System.Threading.CancellationToken cancellationToken = default) { }
        public override System.Threading.Tasks.Task WriteAsync(byte[] buffer, int offset, int count, System.Threading.CancellationToken cancellationToken) { }
    }
}