namespace GraphQL.Server.Transports.Subscriptions.Abstractions
{
    public class MessageType
    {
        public const string GQL_COMPLETE = "complete";
        public const string GQL_CONNECTION_ACK = "connection_ack";
        public const string GQL_CONNECTION_ERROR = "connection_error";
        public const string GQL_CONNECTION_INIT = "connection_init";
        public const string GQL_CONNECTION_KEEP_ALIVE = "ka";
        public const string GQL_CONNECTION_TERMINATE = "connection_terminate";
        public const string GQL_DATA = "data";
        public const string GQL_ERROR = "error";
        public const string GQL_START = "start";
        public const string GQL_STOP = "stop";
        public MessageType() { }
    }
    public class MessageTypeGraphQLTransportWs
    {
        public const string GQL_COMPLETE = "complete";
        public const string GQL_CONNECTION_ACK = "connection_ack";
        public const string GQL_CONNECTION_INIT = "connection_init";
        public const string GQL_ERROR = "error";
        public const string GQL_NEXT = "next";
        public const string GQL_PING = "ping";
        public const string GQL_PONG = "pong";
        public const string GQL_SUBSCRIBE = "subscribe";
        public MessageTypeGraphQLTransportWs() { }
    }
}